
> frontend@0.0.0 dev
> vite


  VITE v8.3.0  ready in 81 ms

  ➜  Local:   http://localhost:5173/
  ➜  Network: use --host to expose
6:47:10 PM [vite] ws proxy error:
Error: write EPIPE
    at afterWriteDispatched (node:internal/stream_base_commons:159:15)
    at writeGeneric (node:internal/stream_base_commons:150:3)
    at Socket._writeGeneric (node:net:966:11)
    at Socket._write (node:net:978:8)
    at writeOrBuffer (node:internal/streams/writable:570:12)
    at _write (node:internal/streams/writable:499:10)
    at Writable.write (node:internal/streams/writable:508:10)
    at Socket.ondata (node:internal/streams/readable:1008:24)
    at Socket.emit (node:events:508:28)
    at Readable.read (node:internal/streams/readable:780:10)
6:47:10 PM [vite] ws proxy socket error:
Error: write EPIPE
    at afterWriteDispatched (node:internal/stream_base_commons:159:15)
    at writeGeneric (node:internal/stream_base_commons:150:3)
    at Socket._writeGeneric (node:net:966:11)
    at Socket._write (node:net:978:8)
    at writeOrBuffer (node:internal/streams/writable:570:12)
    at _write (node:internal/streams/writable:499:10)
    at Writable.write (node:internal/streams/writable:508:10)
    at Socket.ondata (node:internal/streams/readable:1008:24)
    at Socket.emit (node:events:508:28)
    at Readable.read (node:internal/streams/readable:780:10)
6:47:10 PM [vite] ws proxy error:
Error: read ECONNRESET
    at TCP.onStreamRead (node:internal/stream_base_commons:216:20)
6:47:10 PM [vite] ws proxy socket error:
Error: read ECONNRESET
    at TCP.onStreamRead (node:internal/stream_base_commons:216:20)
6:47:14 PM [vite] ws proxy error:
Error: read ECONNRESET
    at TCP.onStreamRead (node:internal/stream_base_commons:216:20)
6:47:14 PM [vite] ws proxy socket error:
Error: read ECONNRESET
    at TCP.onStreamRead (node:internal/stream_base_commons:216:20)
6:47:14 PM [vite] ws proxy error:
Error: read ECONNRESET
    at TCP.onStreamRead (node:internal/stream_base_commons:216:20)
6:47:14 PM [vite] ws proxy socket error:
Error: read ECONNRESET
    at TCP.onStreamRead (node:internal/stream_base_commons:216:20)
